// Jest Snapshot v1, https://goo.gl/fbAQLP

exports[`Test <MoveToButton /> should render with required props 1`] = `
<button
  className="move-to-button"
  onClick={[Function]}
>
  RUB
</button>
`;
